#-----------------------------------------------------------
# Vivado v2018.2 (64-bit)
# SW Build 2258646 on Thu Jun 14 20:03:12 MDT 2018
# IP Build 2256618 on Thu Jun 14 22:10:49 MDT 2018
# Start of session at: Fri Nov 23 01:44:55 2018
# Process ID: 8048
# Current directory: C:/Users/Administrator/verilog/NTHU_HDL_TEAM2/verilog/LAB5/mealyOne
# Command line: vivado.exe -gui_launcher_event rodinguilauncherevent8832 C:\Users\Administrator\verilog\NTHU_HDL_TEAM2\verilog\LAB5\mealyOne\project_1.xpr
# Log file: C:/Users/Administrator/verilog/NTHU_HDL_TEAM2/verilog/LAB5/mealyOne/vivado.log
# Journal file: C:/Users/Administrator/verilog/NTHU_HDL_TEAM2/verilog/LAB5/mealyOne\vivado.jou
#-----------------------------------------------------------
start_gui
open_project C:/Users/Administrator/verilog/NTHU_HDL_TEAM2/verilog/LAB5/mealyOne/project_1.xpr
update_compile_order -fileset sources_1
launch_simulation
open_wave_config C:/Users/Administrator/verilog/NTHU_HDL_TEAM2/verilog/LAB5/mealyOne/Mealy_t_behav.wcfg
source Mealy_t.tcl
