#-----------------------------------------------------------
# Vivado v2018.2 (64-bit)
# SW Build 2258646 on Thu Jun 14 20:03:12 MDT 2018
# IP Build 2256618 on Thu Jun 14 22:10:49 MDT 2018
# Start of session at: Tue Dec 11 15:36:49 2018
# Process ID: 14764
# Current directory: C:/Users/elven/Desktop/Hardware Design Lab/NTHU_HDL_TEAM2/verilog/LAB6/Mixing_Keyboard_and_VGA/Mixing_Keyboard_and_VGA.runs/blk_mem_gen_0_synth_1
# Command line: vivado.exe -log blk_mem_gen_0.vds -product Vivado -mode batch -messageDb vivado.pb -notrace -source blk_mem_gen_0.tcl
# Log file: C:/Users/elven/Desktop/Hardware Design Lab/NTHU_HDL_TEAM2/verilog/LAB6/Mixing_Keyboard_and_VGA/Mixing_Keyboard_and_VGA.runs/blk_mem_gen_0_synth_1/blk_mem_gen_0.vds
# Journal file: C:/Users/elven/Desktop/Hardware Design Lab/NTHU_HDL_TEAM2/verilog/LAB6/Mixing_Keyboard_and_VGA/Mixing_Keyboard_and_VGA.runs/blk_mem_gen_0_synth_1\vivado.jou
#-----------------------------------------------------------
source blk_mem_gen_0.tcl -notrace
